2025-05-27 01:01:22 [INFO] __main__:38 - 基分类器编号: 1
2025-05-27 01:01:22 [INFO] __main__:79 - 使用基分类器: DecisionStump 进行10折交叉验证，并输出到 experiments/ 文件夹
2025-05-27 01:01:23 [INFO] utils.data_loader:10 - load_data: 读取 data.csv 和 targets.csv, 样本数=3680, 特征数=57
2025-05-27 01:01:23 [INFO] utils.cross_validation:26 - k_fold_split: 已拆分为 10 折, each fold size~368 (最后一折=368)
2025-05-27 01:01:23 [INFO] adaboost.adaboost:25 - model is <base_models.decision_stump.DecisionStump object at 0x000002A26ABFFFA0>
2025-05-27 01:01:23 [INFO] adaboost.adaboost:25 - model is <base_models.decision_stump.DecisionStump object at 0x000002A26ABFFF70>
2025-05-27 01:01:24 [INFO] adaboost.adaboost:25 - model is <base_models.decision_stump.DecisionStump object at 0x000002A269CC11F0>
2025-05-27 01:01:24 [INFO] adaboost.adaboost:25 - model is <base_models.decision_stump.DecisionStump object at 0x000002A269CC11F0>
2025-05-27 01:01:25 [INFO] adaboost.adaboost:25 - model is <base_models.decision_stump.DecisionStump object at 0x000002A269CC11F0>
2025-05-27 01:01:26 [INFO] adaboost.adaboost:25 - model is <base_models.decision_stump.DecisionStump object at 0x000002A269CC11F0>
2025-05-27 01:01:26 [INFO] adaboost.adaboost:25 - model is <base_models.decision_stump.DecisionStump object at 0x000002A269CC11F0>
2025-05-27 01:01:27 [INFO] adaboost.adaboost:25 - model is <base_models.decision_stump.DecisionStump object at 0x000002A269CB22E0>
2025-05-27 01:01:28 [INFO] adaboost.adaboost:25 - model is <base_models.decision_stump.DecisionStump object at 0x000002A269CB22E0>
2025-05-27 01:01:29 [INFO] adaboost.adaboost:25 - model is <base_models.decision_stump.DecisionStump object at 0x000002A269CF57C0>
2025-05-27 01:01:30 [INFO] __main__:109 - 完成基分类器数目=1 的10折输出
2025-05-27 01:01:30 [INFO] adaboost.adaboost:25 - model is <base_models.decision_stump.DecisionStump object at 0x000002A269CF57C0>
2025-05-27 01:01:30 [INFO] adaboost.adaboost:25 - model is <base_models.decision_stump.DecisionStump object at 0x000002A269CF8670>
2025-05-27 01:01:31 [INFO] adaboost.adaboost:25 - model is <base_models.decision_stump.DecisionStump object at 0x000002A269CF8640>
2025-05-27 01:01:31 [INFO] adaboost.adaboost:25 - model is <base_models.decision_stump.DecisionStump object at 0x000002A269CF8400>
2025-05-27 01:01:32 [INFO] adaboost.adaboost:25 - model is <base_models.decision_stump.DecisionStump object at 0x000002A269CF8580>
2025-05-27 01:01:33 [INFO] adaboost.adaboost:25 - model is <base_models.decision_stump.DecisionStump object at 0x000002A269CF57C0>
2025-05-27 01:01:33 [INFO] adaboost.adaboost:25 - model is <base_models.decision_stump.DecisionStump object at 0x000002A269D2F460>
2025-05-27 01:01:34 [INFO] adaboost.adaboost:25 - model is <base_models.decision_stump.DecisionStump object at 0x000002A269D2F4C0>
2025-05-27 01:01:35 [INFO] adaboost.adaboost:25 - model is <base_models.decision_stump.DecisionStump object at 0x000002A269D2F520>
2025-05-27 01:01:35 [INFO] adaboost.adaboost:25 - model is <base_models.decision_stump.DecisionStump object at 0x000002A269D2F580>
2025-05-27 01:01:36 [INFO] adaboost.adaboost:25 - model is <base_models.decision_stump.DecisionStump object at 0x000002A269CF57C0>
2025-05-27 01:01:36 [INFO] adaboost.adaboost:25 - model is <base_models.decision_stump.DecisionStump object at 0x000002A26AEA2190>
2025-05-27 01:01:37 [INFO] adaboost.adaboost:25 - model is <base_models.decision_stump.DecisionStump object at 0x000002A26AEA21F0>
2025-05-27 01:01:38 [INFO] adaboost.adaboost:25 - model is <base_models.decision_stump.DecisionStump object at 0x000002A26AEA2250>
2025-05-27 01:01:39 [INFO] adaboost.adaboost:25 - model is <base_models.decision_stump.DecisionStump object at 0x000002A26AEA22B0>
2025-05-27 01:01:39 [INFO] adaboost.adaboost:25 - model is <base_models.decision_stump.DecisionStump object at 0x000002A269CF57C0>
2025-05-27 01:01:40 [INFO] adaboost.adaboost:25 - model is <base_models.decision_stump.DecisionStump object at 0x000002A269C9FF40>
2025-05-27 01:01:41 [INFO] adaboost.adaboost:25 - model is <base_models.decision_stump.DecisionStump object at 0x000002A26ABFFFA0>
2025-05-27 01:01:41 [INFO] adaboost.adaboost:25 - model is <base_models.decision_stump.DecisionStump object at 0x000002A269CF1CA0>
2025-05-27 01:01:42 [INFO] adaboost.adaboost:25 - model is <base_models.decision_stump.DecisionStump object at 0x000002A269CC11F0>
2025-05-27 01:01:43 [INFO] adaboost.adaboost:25 - model is <base_models.decision_stump.DecisionStump object at 0x000002A241575C70>
2025-05-27 01:01:44 [INFO] adaboost.adaboost:25 - model is <base_models.decision_stump.DecisionStump object at 0x000002A269CC11F0>
2025-05-27 01:01:44 [INFO] adaboost.adaboost:25 - model is <base_models.decision_stump.DecisionStump object at 0x000002A269CB22E0>
2025-05-27 01:01:45 [INFO] adaboost.adaboost:25 - model is <base_models.decision_stump.DecisionStump object at 0x000002A26ABFFF70>
2025-05-27 01:01:45 [INFO] adaboost.adaboost:25 - model is <base_models.decision_stump.DecisionStump object at 0x000002A26ABFFFA0>
2025-05-27 01:01:46 [INFO] adaboost.adaboost:25 - model is <base_models.decision_stump.DecisionStump object at 0x000002A241575C70>
2025-05-27 01:01:46 [INFO] adaboost.adaboost:25 - model is <base_models.decision_stump.DecisionStump object at 0x000002A269C9FC40>
2025-05-27 01:01:47 [INFO] adaboost.adaboost:25 - model is <base_models.decision_stump.DecisionStump object at 0x000002A269CC11F0>
2025-05-27 01:01:48 [INFO] adaboost.adaboost:25 - model is <base_models.decision_stump.DecisionStump object at 0x000002A26ABFFFD0>
2025-05-27 01:01:48 [INFO] adaboost.adaboost:25 - model is <base_models.decision_stump.DecisionStump object at 0x000002A26ABFFF40>
2025-05-27 01:01:49 [INFO] adaboost.adaboost:25 - model is <base_models.decision_stump.DecisionStump object at 0x000002A241575C70>
2025-05-27 01:01:49 [INFO] adaboost.adaboost:25 - model is <base_models.decision_stump.DecisionStump object at 0x000002A269CB22E0>
2025-05-27 01:01:50 [INFO] adaboost.adaboost:25 - model is <base_models.decision_stump.DecisionStump object at 0x000002A269C9FC40>
2025-05-27 01:01:50 [INFO] adaboost.adaboost:25 - model is <base_models.decision_stump.DecisionStump object at 0x000002A26ABFFF70>
2025-05-27 01:01:51 [INFO] adaboost.adaboost:25 - model is <base_models.decision_stump.DecisionStump object at 0x000002A26ABFFFA0>
2025-05-27 01:01:51 [INFO] adaboost.adaboost:25 - model is <base_models.decision_stump.DecisionStump object at 0x000002A241575C70>
2025-05-27 01:01:52 [INFO] adaboost.adaboost:25 - model is <base_models.decision_stump.DecisionStump object at 0x000002A269C9FF40>
2025-05-27 01:01:52 [INFO] adaboost.adaboost:25 - model is <base_models.decision_stump.DecisionStump object at 0x000002A269CB22E0>
2025-05-27 01:01:53 [INFO] adaboost.adaboost:25 - model is <base_models.decision_stump.DecisionStump object at 0x000002A26ABFFFD0>
2025-05-27 01:01:54 [INFO] adaboost.adaboost:25 - model is <base_models.decision_stump.DecisionStump object at 0x000002A269CF1CD0>
2025-05-27 01:01:54 [INFO] adaboost.adaboost:25 - model is <base_models.decision_stump.DecisionStump object at 0x000002A241575C70>
2025-05-27 01:01:55 [INFO] adaboost.adaboost:25 - model is <base_models.decision_stump.DecisionStump object at 0x000002A269CC11F0>
2025-05-27 01:01:55 [INFO] adaboost.adaboost:25 - model is <base_models.decision_stump.DecisionStump object at 0x000002A269C9FF40>
2025-05-27 01:01:56 [INFO] adaboost.adaboost:25 - model is <base_models.decision_stump.DecisionStump object at 0x000002A269CF1CD0>
2025-05-27 01:01:56 [INFO] adaboost.adaboost:25 - model is <base_models.decision_stump.DecisionStump object at 0x000002A269CF1BE0>
2025-05-27 01:01:57 [INFO] adaboost.adaboost:25 - model is <base_models.decision_stump.DecisionStump object at 0x000002A241575C70>
2025-05-27 01:01:57 [INFO] adaboost.adaboost:25 - model is <base_models.decision_stump.DecisionStump object at 0x000002A269C9FC40>
2025-05-27 01:01:58 [INFO] adaboost.adaboost:25 - model is <base_models.decision_stump.DecisionStump object at 0x000002A269CC11F0>
2025-05-27 01:01:58 [INFO] adaboost.adaboost:25 - model is <base_models.decision_stump.DecisionStump object at 0x000002A269CF1BE0>
2025-05-27 01:01:59 [INFO] adaboost.adaboost:25 - model is <base_models.decision_stump.DecisionStump object at 0x000002A269CF1CA0>
2025-05-27 01:02:00 [INFO] __main__:109 - 完成基分类器数目=5 的10折输出
2025-05-27 01:02:00 [INFO] adaboost.adaboost:25 - model is <base_models.decision_stump.DecisionStump object at 0x000002A241575C70>
2025-05-27 01:02:00 [INFO] adaboost.adaboost:25 - model is <base_models.decision_stump.DecisionStump object at 0x000002A269CB22E0>
2025-05-27 01:02:01 [INFO] adaboost.adaboost:25 - model is <base_models.decision_stump.DecisionStump object at 0x000002A269C9FC40>
2025-05-27 01:02:01 [INFO] adaboost.adaboost:25 - model is <base_models.decision_stump.DecisionStump object at 0x000002A269CF1CA0>
2025-05-27 01:02:02 [INFO] adaboost.adaboost:25 - model is <base_models.decision_stump.DecisionStump object at 0x000002A269CF1CD0>
2025-05-27 01:02:02 [INFO] adaboost.adaboost:25 - model is <base_models.decision_stump.DecisionStump object at 0x000002A26AEA22B0>
2025-05-27 01:02:03 [INFO] adaboost.adaboost:25 - model is <base_models.decision_stump.DecisionStump object at 0x000002A26AEA20A0>
2025-05-27 01:02:03 [INFO] adaboost.adaboost:25 - model is <base_models.decision_stump.DecisionStump object at 0x000002A26AEA2340>
2025-05-27 01:02:04 [INFO] adaboost.adaboost:25 - model is <base_models.decision_stump.DecisionStump object at 0x000002A26AEA23A0>
2025-05-27 01:02:05 [INFO] adaboost.adaboost:25 - model is <base_models.decision_stump.DecisionStump object at 0x000002A26AEA2400>
2025-05-27 01:02:05 [INFO] adaboost.adaboost:25 - model is <base_models.decision_stump.DecisionStump object at 0x000002A241575C70>
2025-05-27 01:02:06 [INFO] adaboost.adaboost:25 - model is <base_models.decision_stump.DecisionStump object at 0x000002A269C9FF40>
2025-05-27 01:02:06 [INFO] adaboost.adaboost:25 - model is <base_models.decision_stump.DecisionStump object at 0x000002A269CB22E0>
2025-05-27 01:02:07 [INFO] adaboost.adaboost:25 - model is <base_models.decision_stump.DecisionStump object at 0x000002A269CF1CD0>
2025-05-27 01:02:07 [INFO] adaboost.adaboost:25 - model is <base_models.decision_stump.DecisionStump object at 0x000002A26ABFFF70>
2025-05-27 01:02:08 [INFO] adaboost.adaboost:25 - model is <base_models.decision_stump.DecisionStump object at 0x000002A269CF1BE0>
2025-05-27 01:02:08 [INFO] adaboost.adaboost:25 - model is <base_models.decision_stump.DecisionStump object at 0x000002A269D5E1C0>
2025-05-27 01:02:09 [INFO] adaboost.adaboost:25 - model is <base_models.decision_stump.DecisionStump object at 0x000002A269D5E220>
2025-05-27 01:02:09 [INFO] adaboost.adaboost:25 - model is <base_models.decision_stump.DecisionStump object at 0x000002A269D5E280>
2025-05-27 01:02:10 [INFO] adaboost.adaboost:25 - model is <base_models.decision_stump.DecisionStump object at 0x000002A269D5E0A0>
2025-05-27 01:02:10 [INFO] adaboost.adaboost:25 - model is <base_models.decision_stump.DecisionStump object at 0x000002A241575C70>
2025-05-27 01:02:11 [INFO] adaboost.adaboost:25 - model is <base_models.decision_stump.DecisionStump object at 0x000002A269CC11F0>
2025-05-27 01:02:11 [INFO] adaboost.adaboost:25 - model is <base_models.decision_stump.DecisionStump object at 0x000002A269C9FF40>
2025-05-27 01:02:12 [INFO] adaboost.adaboost:25 - model is <base_models.decision_stump.DecisionStump object at 0x000002A26ABFFF40>
2025-05-27 01:02:12 [INFO] adaboost.adaboost:25 - model is <base_models.decision_stump.DecisionStump object at 0x000002A26ABFFFA0>
2025-05-27 01:02:13 [INFO] adaboost.adaboost:25 - model is <base_models.decision_stump.DecisionStump object at 0x000002A269CF1BE0>
2025-05-27 01:02:13 [INFO] adaboost.adaboost:25 - model is <base_models.decision_stump.DecisionStump object at 0x000002A269CF1CA0>
2025-05-27 01:02:14 [INFO] adaboost.adaboost:25 - model is <base_models.decision_stump.DecisionStump object at 0x000002A269CF8520>
2025-05-27 01:02:14 [INFO] adaboost.adaboost:25 - model is <base_models.decision_stump.DecisionStump object at 0x000002A269CF8610>
2025-05-27 01:02:15 [INFO] adaboost.adaboost:25 - model is <base_models.decision_stump.DecisionStump object at 0x000002A269CF8580>
2025-05-27 01:02:15 [INFO] adaboost.adaboost:25 - model is <base_models.decision_stump.DecisionStump object at 0x000002A241575C70>
2025-05-27 01:02:16 [INFO] adaboost.adaboost:25 - model is <base_models.decision_stump.DecisionStump object at 0x000002A269C9FC40>
2025-05-27 01:02:17 [INFO] adaboost.adaboost:25 - model is <base_models.decision_stump.DecisionStump object at 0x000002A269CC11F0>
2025-05-27 01:02:17 [INFO] adaboost.adaboost:25 - model is <base_models.decision_stump.DecisionStump object at 0x000002A26ABFFFD0>
2025-05-27 01:02:18 [INFO] adaboost.adaboost:25 - model is <base_models.decision_stump.DecisionStump object at 0x000002A26ABFFF70>
2025-05-27 01:02:18 [INFO] adaboost.adaboost:25 - model is <base_models.decision_stump.DecisionStump object at 0x000002A269CF1CA0>
2025-05-27 01:02:19 [INFO] adaboost.adaboost:25 - model is <base_models.decision_stump.DecisionStump object at 0x000002A269CF1CD0>
2025-05-27 01:02:19 [INFO] adaboost.adaboost:25 - model is <base_models.decision_stump.DecisionStump object at 0x000002A269D2F370>
2025-05-27 01:02:20 [INFO] adaboost.adaboost:25 - model is <base_models.decision_stump.DecisionStump object at 0x000002A269D2F610>
2025-05-27 01:02:20 [INFO] adaboost.adaboost:25 - model is <base_models.decision_stump.DecisionStump object at 0x000002A269D2F670>
2025-05-27 01:02:21 [INFO] adaboost.adaboost:25 - model is <base_models.decision_stump.DecisionStump object at 0x000002A241575C70>
2025-05-27 01:02:21 [INFO] adaboost.adaboost:25 - model is <base_models.decision_stump.DecisionStump object at 0x000002A269CB22E0>
2025-05-27 01:02:22 [INFO] adaboost.adaboost:25 - model is <base_models.decision_stump.DecisionStump object at 0x000002A269C9FC40>
2025-05-27 01:02:23 [INFO] adaboost.adaboost:25 - model is <base_models.decision_stump.DecisionStump object at 0x000002A26ABFFF40>
2025-05-27 01:02:23 [INFO] adaboost.adaboost:25 - model is <base_models.decision_stump.DecisionStump object at 0x000002A26ABFFFA0>
2025-05-27 01:02:24 [INFO] adaboost.adaboost:25 - model is <base_models.decision_stump.DecisionStump object at 0x000002A269CF1CD0>
2025-05-27 01:02:25 [INFO] adaboost.adaboost:25 - model is <base_models.decision_stump.DecisionStump object at 0x000002A269CF1BE0>
2025-05-27 01:02:26 [INFO] adaboost.adaboost:25 - model is <base_models.decision_stump.DecisionStump object at 0x000002A26AEA2280>
2025-05-27 01:02:26 [INFO] adaboost.adaboost:25 - model is <base_models.decision_stump.DecisionStump object at 0x000002A26AEA20D0>
2025-05-27 01:02:27 [INFO] adaboost.adaboost:25 - model is <base_models.decision_stump.DecisionStump object at 0x000002A26AEA2370>
2025-05-27 01:02:27 [INFO] adaboost.adaboost:25 - model is <base_models.decision_stump.DecisionStump object at 0x000002A241575C70>
2025-05-27 01:02:28 [INFO] adaboost.adaboost:25 - model is <base_models.decision_stump.DecisionStump object at 0x000002A269C9FF40>
2025-05-27 01:02:29 [INFO] adaboost.adaboost:25 - model is <base_models.decision_stump.DecisionStump object at 0x000002A269CB22E0>
2025-05-27 01:02:29 [INFO] adaboost.adaboost:25 - model is <base_models.decision_stump.DecisionStump object at 0x000002A26ABFFFD0>
2025-05-27 01:02:30 [INFO] adaboost.adaboost:25 - model is <base_models.decision_stump.DecisionStump object at 0x000002A26ABFFF70>
2025-05-27 01:02:31 [INFO] adaboost.adaboost:25 - model is <base_models.decision_stump.DecisionStump object at 0x000002A269CF1BE0>
2025-05-27 01:02:31 [INFO] adaboost.adaboost:25 - model is <base_models.decision_stump.DecisionStump object at 0x000002A269CF1CA0>
2025-05-27 01:02:32 [INFO] adaboost.adaboost:25 - model is <base_models.decision_stump.DecisionStump object at 0x000002A269D5E250>
2025-05-27 01:02:33 [INFO] adaboost.adaboost:25 - model is <base_models.decision_stump.DecisionStump object at 0x000002A269D5E2B0>
2025-05-27 01:02:34 [INFO] adaboost.adaboost:25 - model is <base_models.decision_stump.DecisionStump object at 0x000002A269D5E070>
2025-05-27 01:02:35 [INFO] adaboost.adaboost:25 - model is <base_models.decision_stump.DecisionStump object at 0x000002A241575C70>
2025-05-27 01:02:36 [INFO] adaboost.adaboost:25 - model is <base_models.decision_stump.DecisionStump object at 0x000002A269CC11F0>
2025-05-27 01:02:37 [INFO] adaboost.adaboost:25 - model is <base_models.decision_stump.DecisionStump object at 0x000002A269C9FF40>
2025-05-27 01:02:37 [INFO] adaboost.adaboost:25 - model is <base_models.decision_stump.DecisionStump object at 0x000002A26ABFFF40>
2025-05-27 01:02:38 [INFO] adaboost.adaboost:25 - model is <base_models.decision_stump.DecisionStump object at 0x000002A26ABFFFA0>
2025-05-27 01:02:39 [INFO] adaboost.adaboost:25 - model is <base_models.decision_stump.DecisionStump object at 0x000002A269CF1CA0>
2025-05-27 01:02:39 [INFO] adaboost.adaboost:25 - model is <base_models.decision_stump.DecisionStump object at 0x000002A269CF1CD0>
2025-05-27 01:02:40 [INFO] adaboost.adaboost:25 - model is <base_models.decision_stump.DecisionStump object at 0x000002A269CF8550>
2025-05-27 01:02:40 [INFO] adaboost.adaboost:25 - model is <base_models.decision_stump.DecisionStump object at 0x000002A269CF8640>
2025-05-27 01:02:41 [INFO] adaboost.adaboost:25 - model is <base_models.decision_stump.DecisionStump object at 0x000002A269CF83A0>
2025-05-27 01:02:41 [INFO] adaboost.adaboost:25 - model is <base_models.decision_stump.DecisionStump object at 0x000002A241575C70>
2025-05-27 01:02:42 [INFO] adaboost.adaboost:25 - model is <base_models.decision_stump.DecisionStump object at 0x000002A269C9FC40>
2025-05-27 01:02:43 [INFO] adaboost.adaboost:25 - model is <base_models.decision_stump.DecisionStump object at 0x000002A269CC11F0>
2025-05-27 01:02:43 [INFO] adaboost.adaboost:25 - model is <base_models.decision_stump.DecisionStump object at 0x000002A26ABFFFD0>
2025-05-27 01:02:44 [INFO] adaboost.adaboost:25 - model is <base_models.decision_stump.DecisionStump object at 0x000002A26ABFFF70>
2025-05-27 01:02:45 [INFO] adaboost.adaboost:25 - model is <base_models.decision_stump.DecisionStump object at 0x000002A269CF1CD0>
2025-05-27 01:02:46 [INFO] adaboost.adaboost:25 - model is <base_models.decision_stump.DecisionStump object at 0x000002A269CF1BE0>
2025-05-27 01:02:47 [INFO] adaboost.adaboost:25 - model is <base_models.decision_stump.DecisionStump object at 0x000002A269D2F3A0>
2025-05-27 01:02:48 [INFO] adaboost.adaboost:25 - model is <base_models.decision_stump.DecisionStump object at 0x000002A269D2F640>
2025-05-27 01:02:49 [INFO] adaboost.adaboost:25 - model is <base_models.decision_stump.DecisionStump object at 0x000002A269D2F520>
2025-05-27 01:02:50 [INFO] adaboost.adaboost:25 - model is <base_models.decision_stump.DecisionStump object at 0x000002A241575C70>
2025-05-27 01:02:51 [INFO] adaboost.adaboost:25 - model is <base_models.decision_stump.DecisionStump object at 0x000002A269CB22E0>
2025-05-27 01:02:51 [INFO] adaboost.adaboost:25 - model is <base_models.decision_stump.DecisionStump object at 0x000002A269C9FC40>
2025-05-27 01:02:52 [INFO] adaboost.adaboost:25 - model is <base_models.decision_stump.DecisionStump object at 0x000002A26ABFFF40>
2025-05-27 01:02:53 [INFO] adaboost.adaboost:25 - model is <base_models.decision_stump.DecisionStump object at 0x000002A26ABFFFA0>
2025-05-27 01:02:53 [INFO] adaboost.adaboost:25 - model is <base_models.decision_stump.DecisionStump object at 0x000002A269CF1BE0>
2025-05-27 01:02:54 [INFO] adaboost.adaboost:25 - model is <base_models.decision_stump.DecisionStump object at 0x000002A269CF1CA0>
2025-05-27 01:02:55 [INFO] adaboost.adaboost:25 - model is <base_models.decision_stump.DecisionStump object at 0x000002A26AEA2340>
2025-05-27 01:02:56 [INFO] adaboost.adaboost:25 - model is <base_models.decision_stump.DecisionStump object at 0x000002A26AEA23A0>
2025-05-27 01:02:56 [INFO] adaboost.adaboost:25 - model is <base_models.decision_stump.DecisionStump object at 0x000002A26AEA2250>
2025-05-27 01:02:57 [INFO] adaboost.adaboost:25 - model is <base_models.decision_stump.DecisionStump object at 0x000002A241575C70>
2025-05-27 01:02:58 [INFO] adaboost.adaboost:25 - model is <base_models.decision_stump.DecisionStump object at 0x000002A269C9FF40>
2025-05-27 01:02:58 [INFO] adaboost.adaboost:25 - model is <base_models.decision_stump.DecisionStump object at 0x000002A269CB22E0>
2025-05-27 01:02:59 [INFO] adaboost.adaboost:25 - model is <base_models.decision_stump.DecisionStump object at 0x000002A26ABFFFD0>
2025-05-27 01:03:00 [INFO] adaboost.adaboost:25 - model is <base_models.decision_stump.DecisionStump object at 0x000002A26ABFFF70>
2025-05-27 01:03:00 [INFO] adaboost.adaboost:25 - model is <base_models.decision_stump.DecisionStump object at 0x000002A269CF1CA0>
2025-05-27 01:03:01 [INFO] adaboost.adaboost:25 - model is <base_models.decision_stump.DecisionStump object at 0x000002A269CF1CD0>
2025-05-27 01:03:02 [INFO] adaboost.adaboost:25 - model is <base_models.decision_stump.DecisionStump object at 0x000002A269D5E0A0>
2025-05-27 01:03:03 [INFO] adaboost.adaboost:25 - model is <base_models.decision_stump.DecisionStump object at 0x000002A269D5E040>
2025-05-27 01:03:03 [INFO] adaboost.adaboost:25 - model is <base_models.decision_stump.DecisionStump object at 0x000002A269D5E190>
2025-05-27 01:03:04 [INFO] __main__:109 - 完成基分类器数目=10 的10折输出
2025-05-27 01:03:04 [INFO] adaboost.adaboost:25 - model is <base_models.decision_stump.DecisionStump object at 0x000002A241575C70>
2025-05-27 01:03:05 [INFO] adaboost.adaboost:25 - model is <base_models.decision_stump.DecisionStump object at 0x000002A269CC11F0>
2025-05-27 01:03:06 [INFO] adaboost.adaboost:25 - model is <base_models.decision_stump.DecisionStump object at 0x000002A269C9FF40>
2025-05-27 01:03:07 [INFO] adaboost.adaboost:25 - model is <base_models.decision_stump.DecisionStump object at 0x000002A26ABFFF40>
2025-05-27 01:03:08 [INFO] adaboost.adaboost:25 - model is <base_models.decision_stump.DecisionStump object at 0x000002A26ABFFFA0>
2025-05-27 01:03:08 [INFO] adaboost.adaboost:25 - model is <base_models.decision_stump.DecisionStump object at 0x000002A269CF1CD0>
2025-05-27 01:03:09 [INFO] adaboost.adaboost:25 - model is <base_models.decision_stump.DecisionStump object at 0x000002A269CF1BE0>
2025-05-27 01:03:10 [INFO] adaboost.adaboost:25 - model is <base_models.decision_stump.DecisionStump object at 0x000002A269CF8580>
2025-05-27 01:03:10 [INFO] adaboost.adaboost:25 - model is <base_models.decision_stump.DecisionStump object at 0x000002A269CF8400>
2025-05-27 01:03:11 [INFO] adaboost.adaboost:25 - model is <base_models.decision_stump.DecisionStump object at 0x000002A269CF8670>
2025-05-27 01:03:12 [INFO] adaboost.adaboost:25 - model is <base_models.decision_stump.DecisionStump object at 0x000002A269CF8520>
2025-05-27 01:03:13 [INFO] adaboost.adaboost:25 - model is <base_models.decision_stump.DecisionStump object at 0x000002A269CF85B0>
2025-05-27 01:03:13 [INFO] adaboost.adaboost:25 - model is <base_models.decision_stump.DecisionStump object at 0x000002A269D2F610>
2025-05-27 01:03:14 [INFO] adaboost.adaboost:25 - model is <base_models.decision_stump.DecisionStump object at 0x000002A269D2F670>
2025-05-27 01:03:15 [INFO] adaboost.adaboost:25 - model is <base_models.decision_stump.DecisionStump object at 0x000002A269D2F460>
2025-05-27 01:03:15 [INFO] adaboost.adaboost:25 - model is <base_models.decision_stump.DecisionStump object at 0x000002A269D2F430>
2025-05-27 01:03:16 [INFO] adaboost.adaboost:25 - model is <base_models.decision_stump.DecisionStump object at 0x000002A269D2F790>
2025-05-27 01:03:17 [INFO] adaboost.adaboost:25 - model is <base_models.decision_stump.DecisionStump object at 0x000002A269D2F7F0>
2025-05-27 01:03:18 [INFO] adaboost.adaboost:25 - model is <base_models.decision_stump.DecisionStump object at 0x000002A269D2F850>
2025-05-27 01:03:18 [INFO] adaboost.adaboost:25 - model is <base_models.decision_stump.DecisionStump object at 0x000002A269D2F8B0>
2025-05-27 01:03:19 [INFO] adaboost.adaboost:25 - model is <base_models.decision_stump.DecisionStump object at 0x000002A269D2F910>
2025-05-27 01:03:19 [INFO] adaboost.adaboost:25 - model is <base_models.decision_stump.DecisionStump object at 0x000002A269D2F970>
2025-05-27 01:03:20 [INFO] adaboost.adaboost:25 - model is <base_models.decision_stump.DecisionStump object at 0x000002A269D2F9D0>
2025-05-27 01:03:21 [INFO] adaboost.adaboost:25 - model is <base_models.decision_stump.DecisionStump object at 0x000002A269D2FA30>
2025-05-27 01:03:21 [INFO] adaboost.adaboost:25 - model is <base_models.decision_stump.DecisionStump object at 0x000002A269D2FA90>
2025-05-27 01:03:22 [INFO] adaboost.adaboost:25 - model is <base_models.decision_stump.DecisionStump object at 0x000002A269D2FAF0>
2025-05-27 01:03:22 [INFO] adaboost.adaboost:25 - model is <base_models.decision_stump.DecisionStump object at 0x000002A269D2FB50>
2025-05-27 01:03:23 [INFO] adaboost.adaboost:25 - model is <base_models.decision_stump.DecisionStump object at 0x000002A269D2FBB0>
2025-05-27 01:03:24 [INFO] adaboost.adaboost:25 - model is <base_models.decision_stump.DecisionStump object at 0x000002A269D2FC10>
2025-05-27 01:03:25 [INFO] adaboost.adaboost:25 - model is <base_models.decision_stump.DecisionStump object at 0x000002A269D2FC70>
2025-05-27 01:03:26 [INFO] adaboost.adaboost:25 - model is <base_models.decision_stump.DecisionStump object at 0x000002A269D2FCD0>
2025-05-27 01:03:27 [INFO] adaboost.adaboost:25 - model is <base_models.decision_stump.DecisionStump object at 0x000002A269D2FD30>
2025-05-27 01:03:28 [INFO] adaboost.adaboost:25 - model is <base_models.decision_stump.DecisionStump object at 0x000002A269D2FD90>
2025-05-27 01:03:29 [INFO] adaboost.adaboost:25 - model is <base_models.decision_stump.DecisionStump object at 0x000002A269D2FDF0>
2025-05-27 01:03:30 [INFO] adaboost.adaboost:25 - model is <base_models.decision_stump.DecisionStump object at 0x000002A269D2FE50>
2025-05-27 01:03:31 [INFO] adaboost.adaboost:25 - model is <base_models.decision_stump.DecisionStump object at 0x000002A269D2FEB0>
2025-05-27 01:03:32 [INFO] adaboost.adaboost:25 - model is <base_models.decision_stump.DecisionStump object at 0x000002A269D2FF10>
2025-05-27 01:03:33 [INFO] adaboost.adaboost:25 - model is <base_models.decision_stump.DecisionStump object at 0x000002A269D2FF70>
2025-05-27 01:03:35 [INFO] adaboost.adaboost:25 - model is <base_models.decision_stump.DecisionStump object at 0x000002A269D2FFD0>
2025-05-27 01:03:35 [INFO] adaboost.adaboost:25 - model is <base_models.decision_stump.DecisionStump object at 0x000002A269D2F250>
